
> nodejs-project@1.0.0 test
> jest

